// Jest Snapshot v1, https://goo.gl/fbAQLP

exports[`InlineFunctions.vue Functions kept 1`] = `
<div>
  <h1 title="function () {
        return true;
      }">Classic</h1>
  <h2 title="function () {
        return true;
      }">Multi-line</h2>
  <h3 title="function (x) {
        return !x;
      }">Arrow</h3>
  <h4 title="function () { [native code] }">Reference</h4>
  <h5 title="2">Run</h5>
  <h6 title="function (a word used in programming) is typically followed by curly braces, ie {}">Red herring</h6>
</div>
`;

exports[`InlineFunctions.vue Functions removed 1`] = `
<div>
  <h1 title="[function]">Classic</h1>
  <h2 title="[function]">Multi-line</h2>
  <h3 title="[function]">Arrow</h3>
  <h4 title="[function]">Reference</h4>
  <h5 title="2">Run</h5>
  <h6 title="function (a word used in programming) is typically followed by curly braces, ie {}">Red herring</h6>
</div>
`;
