// Jest Snapshot v1, https://goo.gl/fbAQLP

exports[`ListSpaced.vue Default formatting options 1`] = `
<aside class="test" role="banner"><a class="one" title="one">
        one
    </a> <a class="two" title="two">
        two
    </a> <a class="three" title="three">
        three
    </a> <a class="four" title="four">
        four
    </a></aside>
`;

exports[`ListSpaced.vue Snapshot unchanged 1`] = `
<aside class="test" role="banner">
  <a class="one" title="one">
    one
  </a>
  <a class="two" title="two">
    two
  </a>
  <a class="three" title="three">
    three
  </a>
  <a class="four" title="four">
    four
  </a>
</aside>
`;
