// Jest Snapshot v1, https://goo.gl/fbAQLP

exports[`ObjectAttribute.vue Snapshots unchanged: 1 wrapper.html() 1`] = `
<div title="[object Object]">
  <h1 title="asdf,qwer" class="active">
    text
  </h1>
  <hr title="text,22">
  <hr>
  <hr title="true">
  <hr title="Invalid Date">
  <hr title="Error: err">
  <hr title="Infinity">
  <hr title="-Infinity">
  <hr title="NaN">
  <hr>
  <hr title="75">
  <hr title="[object Object]">
  <hr title="[object Set]">
  <hr title="Text">
  <hr title="function String() { [native code] }">
  <hr>
  <hr title="Text
Text">
</div>
`;

exports[`ObjectAttribute.vue Snapshots unchanged: 2 wrapper 1`] = `
<div title="{a:true,b:'Some \\'text\\'',c:{d:{e:'23'},f:'\\'&quot;\\'&quot;'}}">
  <h1 title="['asdf','qwer']" class="active">
    text
  </h1>
  <hr title="['text',22]">
  <hr title="false">
  <hr title="true">
  <hr title="{}">
  <hr title="{}">
  <hr title="null">
  <hr title="null">
  <hr title="null">
  <hr title="null">
  <hr title="75">
  <hr title="{a:{c:true},b:{d:'text'}}">
  <hr title="{}">
  <hr title="Text">
  <hr title>
  <hr title>
  <hr title="Text
Text">
</div>
`;

exports[`ObjectAttribute.vue Snapshots unchanged: 3 wrapper.html() 1`] = `
<div title="[object Object]">
  <h1 title="asdf,qwer" class="active">
    text
  </h1>
  <hr title="text,22">
  <hr>
  <hr title="true">
  <hr title="Invalid Date">
  <hr title="Error: err">
  <hr title="Infinity">
  <hr title="-Infinity">
  <hr title="NaN">
  <hr>
  <hr title="75">
  <hr title="[object Object]">
  <hr title="[object Set]">
  <hr title="Text">
  <hr title="function String() { [native code] }">
  <hr>
  <hr title="Text
Text">
</div>
`;

exports[`ObjectAttribute.vue Snapshots unchanged: 4 wrapper 1`] = `
<div title="{a:true,b:'Some \\'text\\'',c:{d:{e:'23'},f:'\\'&quot;\\'&quot;'}}">
  <h1 title="['asdf','qwer']" class="active">
    text
  </h1>
  <hr title="['text',22]">
  <hr title="false">
  <hr title="true">
  <hr title="{}">
  <hr title="{}">
  <hr title="null">
  <hr title="null">
  <hr title="null">
  <hr title="null">
  <hr title="75">
  <hr title="{a:{c:true},b:{d:'text'}}">
  <hr title="{}">
  <hr title="Text">
  <hr title>
  <hr title>
  <hr title="Text
Text">
</div>
`;
